app/page.tsx(176,32): error TS2339: Property 'doc_type' does not exist on type 'AnalysisReport'.
app/page.tsx(177,37): error TS2339: Property 'jurisdiction' does not exist on type 'AnalysisReport'.
app/page.tsx(178,35): error TS2339: Property 'party_roles' does not exist on type 'AnalysisReport'.
app/page.tsx(179,35): error TS2339: Property 'confidence' does not exist on type 'AnalysisReport'.
app/page.tsx(181,32): error TS2551: Property 'risk_flags' does not exist on type 'AnalysisReport'. Did you mean 'riskFlags'?
app/page.tsx(200,31): error TS2339: Property 'simplified' does not exist on type 'AnalysisReport'.
app/page.tsx(208,35): error TS2339: Property 'report' does not exist on type 'AnalysisReport'.
app/page.tsx(209,39): error TS2339: Property 'report' does not exist on type 'AnalysisReport'.
components/ui/agent-plan.tsx(211,21): error TS2322: Type '{ hidden: { opacity: number; y: number; }; visible: { opacity: number; y: number; transition: { type: string; stiffness: number; damping: number; duration: number | undefined; }; }; exit: { opacity: number; y: number; transition: { ...; }; }; }' is not assignable to type 'Variants'.
  Property 'visible' is incompatible with index signature.
    Type '{ opacity: number; y: number; transition: { type: string; stiffness: number; damping: number; duration: number | undefined; }; }' is not assignable to type 'Variant'.
      Type '{ opacity: number; y: number; transition: { type: string; stiffness: number; damping: number; duration: number | undefined; }; }' is not assignable to type 'TargetAndTransition'.
        Type '{ opacity: number; y: number; transition: { type: string; stiffness: number; damping: number; duration: number | undefined; }; }' is not assignable to type '{ transition?: Transition<any> | undefined; transitionEnd?: ResolvedValues$1 | undefined; }'.
          Types of property 'transition' are incompatible.
            Type '{ type: string; stiffness: number; damping: number; duration: number | undefined; }' is not assignable to type 'Transition<any> | undefined'.
              Type '{ type: string; stiffness: number; damping: number; duration: number | undefined; }' is not assignable to type 'TransitionWithValueOverrides<any>'.
                Type '{ type: string; stiffness: number; damping: number; duration: number | undefined; }' is not assignable to type 'ValueAnimationTransition<any>'.
                  Types of property 'type' are incompatible.
                    Type 'string' is not assignable to type 'AnimationGeneratorType | undefined'.
components/ui/agent-plan.tsx(265,29): error TS2322: Type '{ initial: { scale: number; }; animate: { scale: number | number[]; transition: { duration: number; ease: number[]; }; }; }' is not assignable to type 'Variants'.
  Property 'animate' is incompatible with index signature.
    Type '{ scale: number | number[]; transition: { duration: number; ease: number[]; }; }' is not assignable to type 'Variant'.
      Type '{ scale: number | number[]; transition: { duration: number; ease: number[]; }; }' is not assignable to type 'TargetAndTransition'.
        Type '{ scale: number | number[]; transition: { duration: number; ease: number[]; }; }' is not assignable to type '{ transition?: Transition<any> | undefined; transitionEnd?: ResolvedValues$1 | undefined; }'.
          Types of property 'transition' are incompatible.
            Type '{ duration: number; ease: number[]; }' is not assignable to type 'Transition<any> | undefined'.
              Type '{ duration: number; ease: number[]; }' is not assignable to type 'TransitionWithValueOverrides<any>'.
                Type '{ duration: number; ease: number[]; }' is not assignable to type 'ValueAnimationTransition<any>'.
                  Types of property 'ease' are incompatible.
                    Type 'number[]' is not assignable to type 'Easing | Easing[] | undefined'.
                      Type 'number[]' is not assignable to type 'EasingFunction | Easing[]'.
                        Type 'number[]' is not assignable to type 'Easing[]'.
                          Type 'number' is not assignable to type 'Easing'.
components/ui/agent-plan.tsx(280,27): error TS2322: Type '{ hidden: { opacity: number; height: number; overflow: "hidden"; }; visible: { height: string; opacity: number; overflow: "visible"; transition: { duration: number; staggerChildren: number; when: "beforeChildren"; ease: number[]; }; }; exit: { ...; }; }' is not assignable to type 'Variants'.
  Property 'visible' is incompatible with index signature.
    Type '{ height: string; opacity: number; overflow: "visible"; transition: { duration: number; staggerChildren: number; when: "beforeChildren"; ease: number[]; }; }' is not assignable to type 'Variant'.
      Type '{ height: string; opacity: number; overflow: "visible"; transition: { duration: number; staggerChildren: number; when: "beforeChildren"; ease: number[]; }; }' is not assignable to type 'TargetAndTransition'.
        Type '{ height: string; opacity: number; overflow: "visible"; transition: { duration: number; staggerChildren: number; when: "beforeChildren"; ease: number[]; }; }' is not assignable to type '{ transition?: Transition<any> | undefined; transitionEnd?: ResolvedValues$1 | undefined; }'.
          Types of property 'transition' are incompatible.
            Type '{ duration: number; staggerChildren: number; when: "beforeChildren"; ease: number[]; }' is not assignable to type 'Transition<any> | undefined'.
              Type '{ duration: number; staggerChildren: number; when: "beforeChildren"; ease: number[]; }' is not assignable to type 'TransitionWithValueOverrides<any>'.
                Type '{ duration: number; staggerChildren: number; when: "beforeChildren"; ease: number[]; }' is not assignable to type 'ValueAnimationTransition<any>'.
                  Types of property 'ease' are incompatible.
                    Type 'number[]' is not assignable to type 'Easing | Easing[] | undefined'.
                      Type 'number[]' is not assignable to type 'EasingFunction | Easing[]'.
                        Type 'number[]' is not assignable to type 'Easing[]'.
                          Type 'number' is not assignable to type 'Easing'.
components/ui/agent-plan.tsx(300,35): error TS2322: Type '{ hidden: { opacity: number; x: number; }; visible: { opacity: number; x: number; transition: { type: string; stiffness: number; damping: number; duration: number | undefined; }; }; exit: { opacity: number; x: number; transition: { ...; }; }; }' is not assignable to type 'Variants'.
  Property 'visible' is incompatible with index signature.
    Type '{ opacity: number; x: number; transition: { type: string; stiffness: number; damping: number; duration: number | undefined; }; }' is not assignable to type 'Variant'.
      Type '{ opacity: number; x: number; transition: { type: string; stiffness: number; damping: number; duration: number | undefined; }; }' is not assignable to type 'TargetAndTransition'.
        Type '{ opacity: number; x: number; transition: { type: string; stiffness: number; damping: number; duration: number | undefined; }; }' is not assignable to type '{ transition?: Transition<any> | undefined; transitionEnd?: ResolvedValues$1 | undefined; }'.
          Types of property 'transition' are incompatible.
            Type '{ type: string; stiffness: number; damping: number; duration: number | undefined; }' is not assignable to type 'Transition<any> | undefined'.
              Type '{ type: string; stiffness: number; damping: number; duration: number | undefined; }' is not assignable to type 'TransitionWithValueOverrides<any>'.
                Type '{ type: string; stiffness: number; damping: number; duration: number | undefined; }' is not assignable to type 'ValueAnimationTransition<any>'.
                  Types of property 'type' are incompatible.
                    Type 'string' is not assignable to type 'AnimationGeneratorType | undefined'.
components/ui/agent-plan.tsx(342,41): error TS2322: Type '{ hidden: { opacity: number; height: number; overflow: "hidden"; }; visible: { opacity: number; height: string; overflow: "visible"; transition: { duration: number; ease: number[]; }; }; }' is not assignable to type 'Variants'.
  Property 'visible' is incompatible with index signature.
    Type '{ opacity: number; height: string; overflow: "visible"; transition: { duration: number; ease: number[]; }; }' is not assignable to type 'Variant'.
      Type '{ opacity: number; height: string; overflow: "visible"; transition: { duration: number; ease: number[]; }; }' is not assignable to type 'TargetAndTransition'.
        Type '{ opacity: number; height: string; overflow: "visible"; transition: { duration: number; ease: number[]; }; }' is not assignable to type '{ transition?: Transition<any> | undefined; transitionEnd?: ResolvedValues$1 | undefined; }'.
          Types of property 'transition' are incompatible.
            Type '{ duration: number; ease: number[]; }' is not assignable to type 'Transition<any> | undefined'.
              Type '{ duration: number; ease: number[]; }' is not assignable to type 'TransitionWithValueOverrides<any>'.
                Type '{ duration: number; ease: number[]; }' is not assignable to type 'ValueAnimationTransition<any>'.
                  Types of property 'ease' are incompatible.
                    Type 'number[]' is not assignable to type 'Easing | Easing[] | undefined'.
                      Type 'number[]' is not assignable to type 'EasingFunction | Easing[]'.
                        Type 'number[]' is not assignable to type 'Easing[]'.
                          Type 'number' is not assignable to type 'Easing'.
